11:10:50 **** Incremental Build of configuration Debug for project timer_OC_1 ****
make -j8 all 
arm-none-eabi-gcc "../Core/Src/msp.c" -mcpu=cortex-m4 -std=gnu11 -g3 -DDEBUG -DUSE_HAL_DRIVER -DSTM32F446xx -c -I../Core/Inc -I../Drivers/STM32F4xx_HAL_Driver/Inc -I../Drivers/STM32F4xx_HAL_Driver/Inc/Legacy -I../Drivers/CMSIS/Device/ST/STM32F4xx/Include -I../Drivers/CMSIS/Include -I/home/st/STM32CubeIDE/workspace_1.8.0/timer_OC_1/Drivers/STM32F4xx_HAL_Driver/Inc -O0 -ffunction-sections -fdata-sections -Wall -fstack-usage -MMD -MP -MF"Core/Src/msp.d" -MT"Core/Src/msp.o" --specs=nano.specs -mfpu=fpv4-sp-d16 -mfloat-abi=hard -mthumb -o "Core/Src/msp.o"
arm-none-eabi-gcc -o "timer_OC_1.elf" @"objects.list"   -mcpu=cortex-m4 -T"/home/st/STM32CubeIDE/workspace_1.8.0/timer_OC_1/STM32F446RETX_FLASH.ld" --specs=nosys.specs -Wl,-Map="timer_OC_1.map" -Wl,--gc-sections -static --specs=nano.specs -mfpu=fpv4-sp-d16 -mfloat-abi=hard -mthumb -Wl,--start-group -lc -lm -Wl,--end-group
Finished building target: timer_OC_1.elf
 
arm-none-eabi-size   timer_OC_1.elf 
arm-none-eabi-objdump -h -S  timer_OC_1.elf  > "timer_OC_1.list"
arm-none-eabi-objcopy  -O binary  timer_OC_1.elf  "timer_OC_1.bin"
   text	   data	    bss	    dec	    hex	filename
   7620	     20	   1644	   9284	   2444	timer_OC_1.elf
Finished building: default.size.stdout
 
Finished building: timer_OC_1.bin
 
Finished building: timer_OC_1.list
 

11:10:50 Build Finished. 0 errors, 0 warnings. (took 531ms)

