12:05:17 **** Incremental Build of configuration Debug for project time_base_10micro ****
make -j8 all 
arm-none-eabi-gcc "../Core/Src/main.c" -mcpu=cortex-m4 -std=gnu11 -g3 -DDEBUG -DUSE_HAL_DRIVER -DSTM32F446xx -c -I../Core/Inc -I../Drivers/STM32F4xx_HAL_Driver/Inc -I../Drivers/STM32F4xx_HAL_Driver/Inc/Legacy -I../Drivers/CMSIS/Device/ST/STM32F4xx/Include -I../Drivers/CMSIS/Include -O0 -ffunction-sections -fdata-sections -Wall -fstack-usage -MMD -MP -MF"Core/Src/main.d" -MT"Core/Src/main.o" --specs=nano.specs -mfpu=fpv4-sp-d16 -mfloat-abi=hard -mthumb -o "Core/Src/main.o"
arm-none-eabi-gcc -o "time_base_10micro.elf" @"objects.list"   -mcpu=cortex-m4 -T"/home/st/STM32CubeIDE/workspace_1.8.0/timer_OC_1/STM32F446RETX_FLASH.ld" --specs=nosys.specs -Wl,-Map="time_base_10micro.map" -Wl,--gc-sections -static --specs=nano.specs -mfpu=fpv4-sp-d16 -mfloat-abi=hard -mthumb -Wl,--start-group -lc -lm -Wl,--end-group
Finished building target: time_base_10micro.elf
 
arm-none-eabi-size   time_base_10micro.elf 
arm-none-eabi-objdump -h -S  time_base_10micro.elf  > "time_base_10micro.list"
arm-none-eabi-objcopy  -O binary  time_base_10micro.elf  "time_base_10micro.bin"
   text	   data	    bss	    dec	    hex	filename
   8484	     20	   1644	  10148	   27a4	time_base_10micro.elf
Finished building: default.size.stdout
 
Finished building: time_base_10micro.bin
 
Finished building: time_base_10micro.list
 

12:05:18 Build Finished. 0 errors, 0 warnings. (took 570ms)

